2026.10.05 10:44:16 INFO  Started: Metals version 1.6.9 in folders 'C:\Users\LENOVO\Downloads\knote\knote' for client Visual Studio Code 1.140.0.
2026.10.05 10:44:16 INFO  Memory monitor started
2026.10.05 10:44:19 WARN  Using H2 2.5.250 which is newer than the version Flyway has been verified with. The latest verified version of H2 is 2.3.232.
2026.10.05 10:44:19 INFO  no build target found for C:\Users\LENOVO\Downloads\knote\knote\src\main\java\io\learnk8s\knote\KnoteApplication.java. Using fallback presentation compiler.
oct 05, 2026 10:44:20 A. M. org.eclipse.lsp4j.jsonrpc.RemoteEndpoint handleCancellation
WARNING: Unmatched cancel notification for request id 2
oct 05, 2026 10:44:20 A. M. org.eclipse.lsp4j.jsonrpc.RemoteEndpoint handleCancellation
WARNING: Unmatched cancel notification for request id 4
oct 05, 2026 10:44:20 A. M. org.eclipse.lsp4j.jsonrpc.RemoteEndpoint handleCancellation
WARNING: Unmatched cancel notification for request id 1
2026.10.05 10:44:20 INFO  no build target found for C:\Users\LENOVO\Downloads\knote\knote\src\main\java\io\learnk8s\knote\KnoteApplication.java. Using fallback presentation compiler.
2026.10.05 10:45:11 WARN  no build target for: C:\Users\LENOVO\Downloads\knote\knote\src\main\java\io\learnk8s\knote\KnoteApplication.java
2026.10.05 10:45:29 INFO  no build target found for C:\Users\LENOVO\Downloads\knote\knote\src\main\java\io\learnk8s\knote\KnoteApplication.java. Using fallback presentation compiler.
2026.10.05 10:45:29 WARN  no build target for: C:\Users\LENOVO\Downloads\knote\knote\src\main\java\io\learnk8s\knote\KnoteApplication.java
2026.10.05 10:45:29 INFO  no build target found for C:\Users\LENOVO\Downloads\knote\knote\src\main\java\io\learnk8s\knote\KnoteApplication.java. Using fallback presentation compiler.
oct 05, 2026 10:45:30 A. M. org.eclipse.lsp4j.jsonrpc.RemoteEndpoint handleCancellation
WARNING: Unmatched cancel notification for request id 9
2026.10.05 10:45:29 INFO  no build target found for C:\Users\LENOVO\Downloads\knote\knote\src\main\java\io\learnk8s\knote\KnoteApplication.java. Using fallback presentation compiler.
2026.10.05 10:45:29 INFO  no build target found for C:\Users\LENOVO\Downloads\knote\knote\src\main\java\io\learnk8s\knote\KnoteApplication.java. Using fallback presentation compiler.
2026.10.05 10:45:30 INFO  no build target found for C:\Users\LENOVO\Downloads\knote\knote\src\main\java\io\learnk8s\knote\KnoteApplication.java. Using fallback presentation compiler.
2026.10.05 10:45:35 INFO  no build target found for C:\Users\LENOVO\Downloads\knote\knote\src\main\java\io\learnk8s\knote\KnoteApplication.java. Using fallback presentation compiler.
2026.10.05 10:45:37 INFO  no build target found for C:\Users\LENOVO\Downloads\knote\knote\src\main\java\io\learnk8s\knote\KnoteApplication.java. Using fallback presentation compiler.
2026.10.05 10:45:43 INFO  no build target found for C:\Users\LENOVO\Downloads\knote\knote\src\main\java\io\learnk8s\knote\KnoteApplication.java. Using fallback presentation compiler.
2026.10.05 10:47:01 INFO  no build target found for C:\Users\LENOVO\Downloads\knote\knote\src\main\java\io\learnk8s\knote\KnoteApplication.java. Using fallback presentation compiler.
2026.10.05 10:47:05 INFO  no build target found for C:\Users\LENOVO\Downloads\knote\knote\src\main\java\io\learnk8s\knote\KnoteApplication.java. Using fallback presentation compiler.
2026.10.05 10:47:11 INFO  no build target found for C:\Users\LENOVO\Downloads\knote\knote\src\main\java\io\learnk8s\knote\KnoteApplication.java. Using fallback presentation compiler.
2026.10.05 10:48:31 INFO  no build target found for C:\Users\LENOVO\Downloads\knote\knote\src\main\java\io\learnk8s\knote\KnoteApplication.java. Using fallback presentation compiler.
2026.10.05 10:53:05 WARN  no build target for: C:\Users\LENOVO\Downloads\knote\knote\src\main\java\io\learnk8s\knote\KnoteApplication.java
2026.10.05 10:53:05 INFO  no build target found for C:\Users\LENOVO\Downloads\knote\knote\src\main\java\io\learnk8s\knote\KnoteApplication.java. Using fallback presentation compiler.
2026.10.05 10:53:05 INFO  no build target found for C:\Users\LENOVO\Downloads\knote\knote\src\main\java\io\learnk8s\knote\KnoteApplication.java. Using fallback presentation compiler.
2026.10.05 10:53:05 INFO  no build target found for C:\Users\LENOVO\Downloads\knote\knote\src\main\java\io\learnk8s\knote\KnoteApplication.java. Using fallback presentation compiler.
2026.10.05 10:53:05 INFO  no build target found for C:\Users\LENOVO\Downloads\knote\knote\src\main\java\io\learnk8s\knote\KnoteApplication.java. Using fallback presentation compiler.
2026.10.05 10:56:45 INFO  no build target found for C:\Users\LENOVO\Downloads\knote\knote\src\main\java\io\learnk8s\knote\KnoteApplication.java. Using fallback presentation compiler.
2026.10.05 10:56:45 WARN  no build target for: C:\Users\LENOVO\Downloads\knote\knote\src\main\java\io\learnk8s\knote\KnoteApplication.java
2026.10.05 10:56:45 INFO  no build target found for C:\Users\LENOVO\Downloads\knote\knote\src\main\java\io\learnk8s\knote\KnoteApplication.java. Using fallback presentation compiler.
2026.10.05 10:56:45 INFO  no build target found for C:\Users\LENOVO\Downloads\knote\knote\src\main\java\io\learnk8s\knote\KnoteApplication.java. Using fallback presentation compiler.
2026.10.05 10:57:43 INFO  no build target found for C:\Users\LENOVO\Downloads\knote\knote\src\main\java\io\learnk8s\knote\KnoteApplication.java. Using fallback presentation compiler.
2026.10.05 10:57:43 INFO  no build target found for C:\Users\LENOVO\Downloads\knote\knote\src\main\java\io\learnk8s\knote\KnoteApplication.java. Using fallback presentation compiler.
2026.10.05 10:57:43 INFO  no build target found for C:\Users\LENOVO\Downloads\knote\knote\src\main\java\io\learnk8s\knote\KnoteApplication.java. Using fallback presentation compiler.
2026.10.05 10:57:43 INFO  no build target found for C:\Users\LENOVO\Downloads\knote\knote\src\main\java\io\learnk8s\knote\KnoteApplication.java. Using fallback presentation compiler.
2026.10.05 10:57:44 INFO  no build target found for C:\Users\LENOVO\Downloads\knote\knote\src\main\java\io\learnk8s\knote\KnoteApplication.java. Using fallback presentation compiler.
2026.10.05 10:57:44 INFO  no build target found for C:\Users\LENOVO\Downloads\knote\knote\src\main\java\io\learnk8s\knote\KnoteApplication.java. Using fallback presentation compiler.
2026.10.05 10:57:45 WARN  no build target for: C:\Users\LENOVO\Downloads\knote\knote\src\main\java\io\learnk8s\knote\KnoteApplication.java
2026.10.05 10:57:45 INFO  no build target found for C:\Users\LENOVO\Downloads\knote\knote\src\main\java\io\learnk8s\knote\KnoteApplication.java. Using fallback presentation compiler.
2026.10.05 10:57:45 INFO  no build target found for c:\Users\LENOVO\Downloads\knote\knote\src\main\java\io\learnk8s\knote\KnoteApplication.java. Using fallback presentation compiler.
2026.10.05 10:57:45 WARN  no build target for: C:\Users\LENOVO\Downloads\knote\knote\src\main\java\io\learnk8s\knote\KnoteJavaApplication.java
2026.10.05 10:57:45 INFO  no build target found for C:\Users\LENOVO\Downloads\knote\knote\src\main\java\io\learnk8s\knote\KnoteJavaApplication.java. Using fallback presentation compiler.
2026.10.05 10:57:45 INFO  no build target found for C:\Users\LENOVO\Downloads\knote\knote\src\main\java\io\learnk8s\knote\KnoteJavaApplication.java. Using fallback presentation compiler.
2026.10.05 10:57:45 INFO  no build target found for C:\Users\LENOVO\Downloads\knote\knote\src\main\java\io\learnk8s\knote\KnoteJavaApplication.java. Using fallback presentation compiler.
2026.10.05 10:57:45 INFO  no build target found for C:\Users\LENOVO\Downloads\knote\knote\src\main\java\io\learnk8s\knote\KnoteJavaApplication.java. Using fallback presentation compiler.
2026.10.05 10:57:45 INFO  no build target found for C:\Users\LENOVO\Downloads\knote\knote\src\main\java\io\learnk8s\knote\KnoteJavaApplication.java. Using fallback presentation compiler.
2026.10.05 10:58:41 INFO  no build target found for C:\Users\LENOVO\Downloads\knote\knote\src\main\java\io\learnk8s\knote\KnoteJavaApplication.java. Using fallback presentation compiler.
2026.10.05 10:58:41 INFO  no build target found for C:\Users\LENOVO\Downloads\knote\knote\src\main\java\io\learnk8s\knote\KnoteJavaApplication.java. Using fallback presentation compiler.
2026.10.05 10:58:42 INFO  no build target found for C:\Users\LENOVO\Downloads\knote\knote\src\main\java\io\learnk8s\knote\KnoteJavaApplication.java. Using fallback presentation compiler.
2026.10.05 10:58:42 INFO  no build target found for C:\Users\LENOVO\Downloads\knote\knote\src\main\java\io\learnk8s\knote\KnoteJavaApplication.java. Using fallback presentation compiler.
2026.10.05 10:58:42 INFO  no build target found for C:\Users\LENOVO\Downloads\knote\knote\src\main\java\io\learnk8s\knote\KnoteJavaApplication.java. Using fallback presentation compiler.
2026.10.05 10:58:42 INFO  no build target found for C:\Users\LENOVO\Downloads\knote\knote\src\main\java\io\learnk8s\knote\KnoteJavaApplication.java. Using fallback presentation compiler.
2026.10.05 10:58:42 INFO  no build target found for C:\Users\LENOVO\Downloads\knote\knote\src\main\java\io\learnk8s\knote\KnoteJavaApplication.java. Using fallback presentation compiler.
2026.10.05 10:58:43 INFO  no build target found for C:\Users\LENOVO\Downloads\knote\knote\src\main\java\io\learnk8s\knote\KnoteJavaApplication.java. Using fallback presentation compiler.
2026.10.05 10:58:43 INFO  no build target found for C:\Users\LENOVO\Downloads\knote\knote\src\main\java\io\learnk8s\knote\KnoteJavaApplication.java. Using fallback presentation compiler.
2026.10.05 10:58:43 WARN  no build target for: C:\Users\LENOVO\Downloads\knote\knote\src\main\java\io\learnk8s\knote\KnoteJavaApplication.java
2026.10.05 10:58:43 INFO  no build target found for C:\Users\LENOVO\Downloads\knote\knote\src\main\java\io\learnk8s\knote\KnoteJavaApplication.java. Using fallback presentation compiler.
2026.10.05 10:58:44 INFO  no build target found for C:\Users\LENOVO\Downloads\knote\knote\src\main\java\io\learnk8s\knote\KnoteJavaApplication.java. Using fallback presentation compiler.
2026.10.05 10:58:44 INFO  no build target found for C:\Users\LENOVO\Downloads\knote\knote\src\main\java\io\learnk8s\knote\KnoteJavaApplication.java. Using fallback presentation compiler.
2026.10.05 10:58:47 INFO  no build target found for C:\Users\LENOVO\Downloads\knote\knote\src\main\java\io\learnk8s\knote\KnoteJavaApplication.java. Using fallback presentation compiler.
2026.10.05 10:58:47 INFO  no build target found for C:\Users\LENOVO\Downloads\knote\knote\src\main\java\io\learnk8s\knote\KnoteJavaApplication.java. Using fallback presentation compiler.
2026.10.05 10:58:47 INFO  no build target found for C:\Users\LENOVO\Downloads\knote\knote\src\main\java\io\learnk8s\knote\KnoteJavaApplication.java. Using fallback presentation compiler.
2026.10.05 10:58:47 INFO  no build target found for C:\Users\LENOVO\Downloads\knote\knote\src\main\java\io\learnk8s\knote\KnoteJavaApplication.java. Using fallback presentation compiler.
2026.10.05 10:58:47 INFO  no build target found for C:\Users\LENOVO\Downloads\knote\knote\src\main\java\io\learnk8s\knote\KnoteJavaApplication.java. Using fallback presentation compiler.
2026.10.05 10:58:47 INFO  no build target found for C:\Users\LENOVO\Downloads\knote\knote\src\main\java\io\learnk8s\knote\KnoteJavaApplication.java. Using fallback presentation compiler.
2026.10.05 10:58:47 INFO  no build target found for C:\Users\LENOVO\Downloads\knote\knote\src\main\java\io\learnk8s\knote\KnoteJavaApplication.java. Using fallback presentation compiler.
2026.10.05 10:58:47 INFO  no build target found for C:\Users\LENOVO\Downloads\knote\knote\src\main\java\io\learnk8s\knote\KnoteJavaApplication.java. Using fallback presentation compiler.
2026.10.05 10:58:48 WARN  no build target for: C:\Users\LENOVO\Downloads\knote\knote\src\main\java\io\learnk8s\knote\KnoteJavaApplication.java
2026.10.05 10:58:48 INFO  no build target found for C:\Users\LENOVO\Downloads\knote\knote\src\main\java\io\learnk8s\knote\KnoteJavaApplication.java. Using fallback presentation compiler.
2026.10.05 10:58:48 INFO  no build target found for C:\Users\LENOVO\Downloads\knote\knote\src\main\java\io\learnk8s\knote\KnoteJavaApplication.java. Using fallback presentation compiler.
2026.10.05 10:58:52 INFO  no build target found for C:\Users\LENOVO\Downloads\knote\knote\src\main\java\io\learnk8s\knote\KnoteJavaApplication.java. Using fallback presentation compiler.
2026.10.05 10:59:38 INFO  no build target found for C:\Users\LENOVO\Downloads\knote\knote\src\main\java\io\learnk8s\knote\KnoteJavaApplication.java. Using fallback presentation compiler.
2026.10.05 10:59:43 INFO  no build target found for C:\Users\LENOVO\Downloads\knote\knote\src\main\java\io\learnk8s\knote\KnoteJavaApplication.java. Using fallback presentation compiler.
2026.10.05 11:00:31 INFO  no build target found for C:\Users\LENOVO\Downloads\knote\knote\src\main\java\io\learnk8s\knote\KnoteJavaApplication.java. Using fallback presentation compiler.
2026.10.05 11:00:35 INFO  no build target found for C:\Users\LENOVO\Downloads\knote\knote\src\main\java\io\learnk8s\knote\KnoteJavaApplication.java. Using fallback presentation compiler.
2026.10.05 11:00:36 INFO  no build target found for C:\Users\LENOVO\Downloads\knote\knote\src\main\java\io\learnk8s\knote\KnoteJavaApplication.java. Using fallback presentation compiler.
2026.10.05 11:00:38 INFO  no build target found for C:\Users\LENOVO\Downloads\knote\knote\src\main\java\io\learnk8s\knote\KnoteJavaApplication.java. Using fallback presentation compiler.
2026.10.05 11:00:38 INFO  no build target found for C:\Users\LENOVO\Downloads\knote\knote\src\main\java\io\learnk8s\knote\KnoteJavaApplication.java. Using fallback presentation compiler.
2026.10.05 11:00:38 INFO  no build target found for C:\Users\LENOVO\Downloads\knote\knote\src\main\java\io\learnk8s\knote\KnoteJavaApplication.java. Using fallback presentation compiler.
2026.10.05 11:00:38 INFO  no build target found for C:\Users\LENOVO\Downloads\knote\knote\src\main\java\io\learnk8s\knote\KnoteJavaApplication.java. Using fallback presentation compiler.
2026.10.05 11:00:38 INFO  no build target found for C:\Users\LENOVO\Downloads\knote\knote\src\main\java\io\learnk8s\knote\KnoteJavaApplication.java. Using fallback presentation compiler.
2026.10.05 11:00:39 INFO  no build target found for C:\Users\LENOVO\Downloads\knote\knote\src\main\java\io\learnk8s\knote\KnoteJavaApplication.java. Using fallback presentation compiler.
2026.10.05 11:00:39 WARN  no build target for: C:\Users\LENOVO\Downloads\knote\knote\src\main\java\io\learnk8s\knote\KnoteJavaApplication.java
2026.10.05 11:00:39 INFO  no build target found for C:\Users\LENOVO\Downloads\knote\knote\src\main\java\io\learnk8s\knote\KnoteJavaApplication.java. Using fallback presentation compiler.
2026.10.05 11:01:53 INFO  no build target found for C:\Users\LENOVO\Downloads\knote\knote\src\main\java\io\learnk8s\knote\KnoteJavaApplication.java. Using fallback presentation compiler.
2026.10.05 11:01:53 INFO  no build target found for C:\Users\LENOVO\Downloads\knote\knote\src\main\java\io\learnk8s\knote\KnoteJavaApplication.java. Using fallback presentation compiler.
2026.10.05 11:01:53 INFO  no build target found for C:\Users\LENOVO\Downloads\knote\knote\src\main\java\io\learnk8s\knote\KnoteJavaApplication.java. Using fallback presentation compiler.
2026.10.05 11:01:53 INFO  no build target found for C:\Users\LENOVO\Downloads\knote\knote\src\main\java\io\learnk8s\knote\KnoteJavaApplication.java. Using fallback presentation compiler.
2026.10.05 11:01:53 INFO  no build target found for C:\Users\LENOVO\Downloads\knote\knote\src\main\java\io\learnk8s\knote\KnoteJavaApplication.java. Using fallback presentation compiler.
2026.10.05 11:01:54 INFO  no build target found for C:\Users\LENOVO\Downloads\knote\knote\src\main\java\io\learnk8s\knote\KnoteJavaApplication.java. Using fallback presentation compiler.
2026.10.05 11:01:54 INFO  no build target found for C:\Users\LENOVO\Downloads\knote\knote\src\main\java\io\learnk8s\knote\KnoteJavaApplication.java. Using fallback presentation compiler.
2026.10.05 11:01:55 WARN  no build target for: C:\Users\LENOVO\Downloads\knote\knote\src\main\java\io\learnk8s\knote\KnoteJavaApplication.java
2026.10.05 11:01:55 INFO  no build target found for C:\Users\LENOVO\Downloads\knote\knote\src\main\java\io\learnk8s\knote\KnoteJavaApplication.java. Using fallback presentation compiler.
2026.10.05 11:01:56 INFO  no build target found for C:\Users\LENOVO\Downloads\knote\knote\src\main\java\io\learnk8s\knote\KnoteJavaApplication.java. Using fallback presentation compiler.
2026.10.05 11:01:59 INFO  no build target found for C:\Users\LENOVO\Downloads\knote\knote\src\main\java\io\learnk8s\knote\KnoteJavaApplication.java. Using fallback presentation compiler.
2026.10.05 11:01:59 INFO  no build target found for C:\Users\LENOVO\Downloads\knote\knote\src\main\java\io\learnk8s\knote\KnoteJavaApplication.java. Using fallback presentation compiler.
2026.10.05 11:01:59 INFO  no build target found for C:\Users\LENOVO\Downloads\knote\knote\src\main\java\io\learnk8s\knote\KnoteJavaApplication.java. Using fallback presentation compiler.
2026.10.05 11:01:59 INFO  no build target found for C:\Users\LENOVO\Downloads\knote\knote\src\main\java\io\learnk8s\knote\KnoteJavaApplication.java. Using fallback presentation compiler.
2026.10.05 11:03:01 WARN  no build target for: C:\Users\LENOVO\Downloads\knote\knote\src\main\java\io\learnk8s\knote\KnoteJavaApplication.java
2026.10.05 11:03:01 INFO  no build target found for C:\Users\LENOVO\Downloads\knote\knote\src\main\java\io\learnk8s\knote\KnoteJavaApplication.java. Using fallback presentation compiler.
2026.10.05 11:03:01 INFO  no build target found for C:\Users\LENOVO\Downloads\knote\knote\src\main\java\io\learnk8s\knote\KnoteJavaApplication.java. Using fallback presentation compiler.
2026.10.05 11:03:01 INFO  no build target found for C:\Users\LENOVO\Downloads\knote\knote\src\main\java\io\learnk8s\knote\KnoteJavaApplication.java. Using fallback presentation compiler.
2026.10.05 11:03:01 INFO  no build target found for C:\Users\LENOVO\Downloads\knote\knote\src\main\java\io\learnk8s\knote\KnoteJavaApplication.java. Using fallback presentation compiler.
2026.10.05 11:03:01 INFO  no build target found for C:\Users\LENOVO\Downloads\knote\knote\src\main\java\io\learnk8s\knote\KnoteJavaApplication.java. Using fallback presentation compiler.
2026.10.05 11:03:01 INFO  no build target found for C:\Users\LENOVO\Downloads\knote\knote\src\main\java\io\learnk8s\knote\KnoteJavaApplication.java. Using fallback presentation compiler.
2026.10.05 11:03:01 INFO  no build target found for C:\Users\LENOVO\Downloads\knote\knote\src\main\java\io\learnk8s\knote\KnoteJavaApplication.java. Using fallback presentation compiler.
2026.10.05 11:03:02 INFO  no build target found for C:\Users\LENOVO\Downloads\knote\knote\src\main\java\io\learnk8s\knote\KnoteJavaApplication.java. Using fallback presentation compiler.
2026.10.05 11:03:03 INFO  no build target found for C:\Users\LENOVO\Downloads\knote\knote\src\main\java\io\learnk8s\knote\KnoteJavaApplication.java. Using fallback presentation compiler.
2026.10.05 11:03:03 WARN  no build target for: C:\Users\LENOVO\Downloads\knote\knote\src\main\java\io\learnk8s\knote\KnoteJavaApplication.java
2026.10.05 11:03:03 INFO  no build target found for C:\Users\LENOVO\Downloads\knote\knote\src\main\java\io\learnk8s\knote\KnoteJavaApplication.java. Using fallback presentation compiler.
2026.10.05 11:06:58 INFO  no build target found for C:\Users\LENOVO\Downloads\knote\knote\src\main\java\io\learnk8s\knote\KnoteJavaApplication.java. Using fallback presentation compiler.
2026.10.05 11:06:58 INFO  no build target found for C:\Users\LENOVO\Downloads\knote\knote\src\main\java\io\learnk8s\knote\KnoteJavaApplication.java. Using fallback presentation compiler.
2026.10.05 11:06:58 INFO  no build target found for C:\Users\LENOVO\Downloads\knote\knote\src\main\java\io\learnk8s\knote\KnoteJavaApplication.java. Using fallback presentation compiler.
2026.10.05 11:06:58 INFO  no build target found for C:\Users\LENOVO\Downloads\knote\knote\src\main\java\io\learnk8s\knote\KnoteJavaApplication.java. Using fallback presentation compiler.
2026.10.05 11:06:58 INFO  no build target found for C:\Users\LENOVO\Downloads\knote\knote\src\main\java\io\learnk8s\knote\KnoteJavaApplication.java. Using fallback presentation compiler.
2026.10.05 11:06:59 INFO  no build target found for C:\Users\LENOVO\Downloads\knote\knote\src\main\java\io\learnk8s\knote\KnoteJavaApplication.java. Using fallback presentation compiler.
2026.10.05 11:06:59 WARN  no build target for: C:\Users\LENOVO\Downloads\knote\knote\src\main\java\io\learnk8s\knote\KnoteJavaApplication.java
2026.10.05 11:07:00 INFO  no build target found for C:\Users\LENOVO\Downloads\knote\knote\src\main\java\io\learnk8s\knote\KnoteJavaApplication.java. Using fallback presentation compiler.
2026.10.05 11:08:11 INFO  no build target found for C:\Users\LENOVO\Downloads\knote\knote\src\main\java\io\learnk8s\knote\KnoteJavaApplication.java. Using fallback presentation compiler.
2026.10.05 11:08:11 INFO  no build target found for C:\Users\LENOVO\Downloads\knote\knote\src\main\java\io\learnk8s\knote\KnoteJavaApplication.java. Using fallback presentation compiler.
2026.10.05 11:08:12 INFO  no build target found for C:\Users\LENOVO\Downloads\knote\knote\src\main\java\io\learnk8s\knote\KnoteJavaApplication.java. Using fallback presentation compiler.
2026.10.05 11:08:12 INFO  no build target found for C:\Users\LENOVO\Downloads\knote\knote\src\main\java\io\learnk8s\knote\KnoteJavaApplication.java. Using fallback presentation compiler.
2026.10.05 11:08:12 INFO  no build target found for C:\Users\LENOVO\Downloads\knote\knote\src\main\java\io\learnk8s\knote\KnoteJavaApplication.java. Using fallback presentation compiler.
2026.10.05 11:08:12 INFO  no build target found for C:\Users\LENOVO\Downloads\knote\knote\src\main\java\io\learnk8s\knote\KnoteJavaApplication.java. Using fallback presentation compiler.
2026.10.05 11:08:13 INFO  no build target found for C:\Users\LENOVO\Downloads\knote\knote\src\main\java\io\learnk8s\knote\KnoteJavaApplication.java. Using fallback presentation compiler.
2026.10.05 11:08:14 INFO  no build target found for C:\Users\LENOVO\Downloads\knote\knote\src\main\java\io\learnk8s\knote\KnoteJavaApplication.java. Using fallback presentation compiler.
2026.10.05 11:08:14 WARN  no build target for: C:\Users\LENOVO\Downloads\knote\knote\src\main\java\io\learnk8s\knote\KnoteJavaApplication.java
2026.10.05 11:08:14 INFO  no build target found for C:\Users\LENOVO\Downloads\knote\knote\src\main\java\io\learnk8s\knote\KnoteJavaApplication.java. Using fallback presentation compiler.
2026.10.05 11:14:57 INFO  no build target found for C:\Users\LENOVO\Downloads\knote\knote\src\main\java\io\learnk8s\knote\KnoteJavaApplication.java. Using fallback presentation compiler.
2026.10.05 11:15:07 INFO  no build target found for C:\Users\LENOVO\Downloads\knote\knote\src\main\java\io\learnk8s\knote\KnoteJavaApplication.java. Using fallback presentation compiler.
2026.10.05 11:15:18 INFO  no build target found for C:\Users\LENOVO\Downloads\knote\knote\src\main\java\io\learnk8s\knote\KnoteJavaApplication.java. Using fallback presentation compiler.
2026.10.05 11:15:18 INFO  no build target found for C:\Users\LENOVO\Downloads\knote\knote\src\main\java\io\learnk8s\knote\KnoteJavaApplication.java. Using fallback presentation compiler.
2026.10.05 11:25:56 INFO  no build target found for C:\Users\LENOVO\Downloads\knote\knote\src\main\java\io\learnk8s\knote\KnoteJavaApplication.java. Using fallback presentation compiler.
2026.10.05 11:25:56 WARN  no build target for: C:\Users\LENOVO\Downloads\knote\knote\src\main\java\io\learnk8s\knote\KnoteJavaApplication.java
oct 05, 2026 11:25:56 A. M. org.eclipse.lsp4j.jsonrpc.RemoteEndpoint handleCancellation
WARNING: Unmatched cancel notification for request id 254
2026.10.05 11:25:56 INFO  no build target found for C:\Users\LENOVO\Downloads\knote\knote\src\main\java\io\learnk8s\knote\KnoteJavaApplication.java. Using fallback presentation compiler.
oct 05, 2026 11:25:57 A. M. org.eclipse.lsp4j.jsonrpc.RemoteEndpoint handleCancellation
WARNING: Unmatched cancel notification for request id 255
2026.10.05 11:25:57 INFO  no build target found for C:\Users\LENOVO\Downloads\knote\knote\src\main\java\io\learnk8s\knote\KnoteJavaApplication.java. Using fallback presentation compiler.
2026.10.05 11:25:57 INFO  no build target found for C:\Users\LENOVO\Downloads\knote\knote\src\main\java\io\learnk8s\knote\KnoteJavaApplication.java. Using fallback presentation compiler.
2026.10.05 11:25:57 INFO  no build target found for C:\Users\LENOVO\Downloads\knote\knote\src\main\java\io\learnk8s\knote\KnoteJavaApplication.java. Using fallback presentation compiler.
2026.10.05 11:26:06 INFO  no build target found for C:\Users\LENOVO\Downloads\knote\knote\src\main\java\io\learnk8s\knote\KnoteJavaApplication.java. Using fallback presentation compiler.
2026.10.05 11:26:07 INFO  no build target found for C:\Users\LENOVO\Downloads\knote\knote\src\main\java\io\learnk8s\knote\KnoteJavaApplication.java. Using fallback presentation compiler.
2026.10.05 11:26:07 INFO  no build target found for C:\Users\LENOVO\Downloads\knote\knote\src\main\java\io\learnk8s\knote\KnoteJavaApplication.java. Using fallback presentation compiler.
2026.10.05 11:26:07 INFO  no build target found for C:\Users\LENOVO\Downloads\knote\knote\src\main\java\io\learnk8s\knote\KnoteJavaApplication.java. Using fallback presentation compiler.
2026.10.05 11:26:07 INFO  no build target found for C:\Users\LENOVO\Downloads\knote\knote\src\main\java\io\learnk8s\knote\KnoteJavaApplication.java. Using fallback presentation compiler.
2026.10.05 11:26:08 INFO  time: code lens generation in 1.01s
2026.10.05 11:26:07 WARN  no build target for: C:\Users\LENOVO\Downloads\knote\knote\src\main\java\io\learnk8s\knote\KnoteJavaApplication.java
2026.10.05 11:26:08 INFO  no build target found for C:\Users\LENOVO\Downloads\knote\knote\src\main\java\io\learnk8s\knote\KnoteJavaApplication.java. Using fallback presentation compiler.
2026.10.05 11:26:08 INFO  no build target found for C:\Users\LENOVO\Downloads\knote\knote\src\main\java\io\learnk8s\knote\KnoteJavaApplication.java. Using fallback presentation compiler.
2026.10.05 11:26:09 INFO  no build target found for C:\Users\LENOVO\Downloads\knote\knote\src\main\java\io\learnk8s\knote\KnoteJavaApplication.java. Using fallback presentation compiler.
2026.10.05 11:26:09 WARN  no build target for: C:\Users\LENOVO\Downloads\knote\knote\src\main\java\io\learnk8s\knote\KnoteJavaApplication.java
2026.10.05 11:26:09 INFO  no build target found for C:\Users\LENOVO\Downloads\knote\knote\src\main\java\io\learnk8s\knote\KnoteJavaApplication.java. Using fallback presentation compiler.
2026.10.05 11:26:09 INFO  no build target found for C:\Users\LENOVO\Downloads\knote\knote\src\main\java\io\learnk8s\knote\KnoteJavaApplication.java. Using fallback presentation compiler.
2026.10.05 11:26:10 INFO  no build target found for C:\Users\LENOVO\Downloads\knote\knote\src\main\java\io\learnk8s\knote\KnoteJavaApplication.java. Using fallback presentation compiler.
2026.10.05 11:26:10 WARN  no build target for: C:\Users\LENOVO\Downloads\knote\knote\src\main\java\io\learnk8s\knote\KnoteJavaApplication.java
2026.10.05 11:26:10 INFO  no build target found for C:\Users\LENOVO\Downloads\knote\knote\src\main\java\io\learnk8s\knote\KnoteJavaApplication.java. Using fallback presentation compiler.
2026.10.05 11:26:13 INFO  no build target found for C:\Users\LENOVO\Downloads\knote\knote\src\main\java\io\learnk8s\knote\KnoteJavaApplication.java. Using fallback presentation compiler.
2026.10.05 11:26:13 INFO  no build target found for C:\Users\LENOVO\Downloads\knote\knote\src\main\java\io\learnk8s\knote\KnoteJavaApplication.java. Using fallback presentation compiler.
2026.10.05 11:26:13 INFO  no build target found for C:\Users\LENOVO\Downloads\knote\knote\src\main\java\io\learnk8s\knote\KnoteJavaApplication.java. Using fallback presentation compiler.
2026.10.05 11:26:14 WARN  no build target for: C:\Users\LENOVO\Downloads\knote\knote\src\main\java\io\learnk8s\knote\KnoteJavaApplication.java
2026.10.05 11:26:14 INFO  no build target found for C:\Users\LENOVO\Downloads\knote\knote\src\main\java\io\learnk8s\knote\KnoteJavaApplication.java. Using fallback presentation compiler.
2026.10.05 11:26:14 INFO  no build target found for C:\Users\LENOVO\Downloads\knote\knote\src\main\java\io\learnk8s\knote\KnoteJavaApplication.java. Using fallback presentation compiler.
2026.10.05 11:26:15 INFO  time: code lens generation in 2.23s
2026.10.05 11:26:16 INFO  no build target found for C:\Users\LENOVO\Downloads\knote\knote\src\main\java\io\learnk8s\knote\KnoteJavaApplication.java. Using fallback presentation compiler.
2026.10.05 11:26:28 INFO  no build target found for C:\Users\LENOVO\Downloads\knote\knote\src\main\java\io\learnk8s\knote\KnoteJavaApplication.java. Using fallback presentation compiler.
2026.10.05 11:26:28 INFO  no build target found for C:\Users\LENOVO\Downloads\knote\knote\src\main\java\io\learnk8s\knote\KnoteJavaApplication.java. Using fallback presentation compiler.
2026.10.05 11:26:30 INFO  no build target found for C:\Users\LENOVO\Downloads\knote\knote\src\main\java\io\learnk8s\knote\KnoteJavaApplication.java. Using fallback presentation compiler.
2026.10.05 11:27:54 INFO  no build target found for C:\Users\LENOVO\Downloads\knote\knote\src\main\java\io\learnk8s\knote\KnoteJavaApplication.java. Using fallback presentation compiler.
2026.10.05 11:36:36 INFO  no build target found for C:\Users\LENOVO\Downloads\knote\knote\src\main\java\io\learnk8s\knote\KnoteJavaApplication.java. Using fallback presentation compiler.
oct 05, 2026 11:37:02 A. M. org.eclipse.lsp4j.jsonrpc.RemoteEndpoint handleNotification
WARNING: Notification threw an exception: {
  "jsonrpc": "2.0",
  "method": "workspace/didChangeWatchedFiles",
  "params": {
    "changes": [
      {
        "uri": "file:///c%3A/Users/LENOVO/Downloads/knote/knote/build",
        "type": 2
      },
      {
        "uri": "file:///c%3A/Users/LENOVO/Downloads/knote/knote/build",
        "type": 3
      },
      {
        "uri": "file:///c%3A/Users/LENOVO/Downloads/knote/knote/build",
        "type": 3
      }
    ]
  }
}
java.lang.IllegalStateException: An unexpected exception occurred while executing jsonrpc method public abstract java.util.concurrent.CompletableFuture scala.meta.metals.lsp.WorkspaceService.didChangeWatchedFiles(org.eclipse.lsp4j.DidChangeWatchedFilesParams)
	at org.eclipse.lsp4j.jsonrpc.services.GenericEndpoint.lambda$recursiveFindRpcMethods$0(GenericEndpoint.java:73)
	at org.eclipse.lsp4j.jsonrpc.services.GenericEndpoint.notify(GenericEndpoint.java:160)
	at org.eclipse.lsp4j.jsonrpc.RemoteEndpoint.handleNotification(RemoteEndpoint.java:225)
	at org.eclipse.lsp4j.jsonrpc.RemoteEndpoint.consume(RemoteEndpoint.java:192)
	at org.eclipse.lsp4j.jsonrpc.json.StreamMessageProducer.handleMessage(StreamMessageProducer.java:189)
	at org.eclipse.lsp4j.jsonrpc.json.StreamMessageProducer.listen(StreamMessageProducer.java:97)
	at org.eclipse.lsp4j.jsonrpc.json.ConcurrentMessageProcessor.run(ConcurrentMessageProcessor.java:97)
	at java.base/java.util.concurrent.Executors$RunnableAdapter.call(Executors.java:545)
	at java.base/java.util.concurrent.FutureTask.run(FutureTask.java:328)
	at java.base/java.util.concurrent.ThreadPoolExecutor.runWorker(ThreadPoolExecutor.java:1090)
	at java.base/java.util.concurrent.ThreadPoolExecutor$Worker.run(ThreadPoolExecutor.java:614)
	at java.base/java.lang.Thread.run(Thread.java:1474)
Caused by: java.nio.file.AccessDeniedException: C:\Users\LENOVO\Downloads\knote\knote\build
	at java.base/sun.nio.fs.WindowsException.translateToIOException(WindowsException.java:89)
	at java.base/sun.nio.fs.WindowsException.rethrowAsIOException(WindowsException.java:103)
	at java.base/sun.nio.fs.WindowsException.rethrowAsIOException(WindowsException.java:108)
	at java.base/sun.nio.fs.WindowsFileSystemProvider.newByteChannel(WindowsFileSystemProvider.java:231)
	at java.base/java.nio.file.Files.newByteChannel(Files.java:357)
	at java.base/java.nio.file.Files.newByteChannel(Files.java:399)
	at java.base/java.nio.file.Files.readAllBytes(Files.java:2973)
	at scala.meta.internal.io.PlatformFileIO$.slurp(PlatformFileIO.scala:38)
	at scala.meta.internal.io.FileIO$.slurp(FileIO.scala:18)
	at scala.meta.internal.metals.MetalsLspService.$anonfun$onChange$1(MetalsLspService.scala:945)
	at scala.collection.immutable.List.map(List.scala:236)
	at scala.collection.immutable.List.map(List.scala:79)
	at scala.meta.internal.metals.MetalsLspService.onChange(MetalsLspService.scala:944)
	at scala.meta.internal.metals.ProjectMetalsLspService.onChange(ProjectMetalsLspService.scala:368)
	at scala.meta.internal.metals.MetalsLspService.didChangeWatchedFiles(MetalsLspService.scala:930)
	at scala.meta.internal.metals.WorkspaceLspService.$anonfun$didChangeWatchedFiles$3(WorkspaceLspService.scala:707)
	at scala.collection.StrictOptimizedIterableOps.map(StrictOptimizedIterableOps.scala:100)
	at scala.collection.StrictOptimizedIterableOps.map$(StrictOptimizedIterableOps.scala:87)
	at scala.collection.immutable.HashMap.map(HashMap.scala:39)
	at scala.meta.internal.metals.WorkspaceLspService.didChangeWatchedFiles(WorkspaceLspService.scala:706)
	at scala.meta.metals.lsp.DelegatingScalaService.didChangeWatchedFiles(DelegatingScalaService.scala:61)
	at java.base/jdk.internal.reflect.DirectMethodHandleAccessor.invoke(DirectMethodHandleAccessor.java:104)
	at java.base/java.lang.reflect.Method.invoke(Method.java:565)
	at org.eclipse.lsp4j.jsonrpc.services.GenericEndpoint.lambda$recursiveFindRpcMethods$0(GenericEndpoint.java:65)
	... 11 more

2026.10.05 11:40:14 INFO  no build target found for C:\Users\LENOVO\Downloads\knote\knote\src\main\java\io\learnk8s\knote\KnoteJavaApplication.java. Using fallback presentation compiler.
2026.10.05 11:40:14 WARN  no build target for: C:\Users\LENOVO\Downloads\knote\knote\src\main\java\io\learnk8s\knote\KnoteJavaApplication.java
2026.10.05 11:40:14 INFO  no build target found for C:\Users\LENOVO\Downloads\knote\knote\src\main\java\io\learnk8s\knote\KnoteJavaApplication.java. Using fallback presentation compiler.
oct 05, 2026 11:40:14 A. M. org.eclipse.lsp4j.jsonrpc.RemoteEndpoint handleCancellation
WARNING: Unmatched cancel notification for request id 317
oct 05, 2026 11:40:14 A. M. org.eclipse.lsp4j.jsonrpc.RemoteEndpoint handleCancellation
WARNING: Unmatched cancel notification for request id 320
2026.10.05 11:40:14 INFO  no build target found for C:\Users\LENOVO\Downloads\knote\knote\src\main\java\io\learnk8s\knote\KnoteJavaApplication.java. Using fallback presentation compiler.
2026.10.05 11:40:14 INFO  no build target found for C:\Users\LENOVO\Downloads\knote\knote\src\main\java\io\learnk8s\knote\KnoteJavaApplication.java. Using fallback presentation compiler.
2026.10.05 11:40:15 INFO  no build target found for C:\Users\LENOVO\Downloads\knote\knote\src\main\java\io\learnk8s\knote\KnoteJavaApplication.java. Using fallback presentation compiler.
2026.10.05 11:40:15 INFO  no build target found for C:\Users\LENOVO\Downloads\knote\knote\src\main\java\io\learnk8s\knote\KnoteJavaApplication.java. Using fallback presentation compiler.
2026.10.05 11:40:16 INFO  time: code lens generation in 1.7s
2026.10.05 11:50:37 INFO  Shutting down server
2026.10.05 11:50:37 INFO  Memory monitor stopped
2026.10.05 11:50:37 INFO  shutting down Metals
2026.10.05 11:50:37 INFO  Exiting server
2026.10.05 11:51:22 INFO  Started: Metals version 1.6.9 in folders 'C:\Users\LENOVO\Downloads\knote\knote' for client Visual Studio Code 1.140.0.
2026.10.05 11:51:22 INFO  Memory monitor started
2026.10.05 11:51:26 WARN  Using H2 2.5.250 which is newer than the version Flyway has been verified with. The latest verified version of H2 is 2.3.232.
2026.10.05 11:55:11 WARN  no build target for: C:\Users\LENOVO\Downloads\knote\knote\src\main\java\io\learnk8s\knote\KnoteJavaApplication.java
2026.10.05 11:55:11 INFO  no build target found for C:\Users\LENOVO\Downloads\knote\knote\src\main\java\io\learnk8s\knote\KnoteJavaApplication.java. Using fallback presentation compiler.
2026.10.05 11:55:14 WARN  no build target for: C:\Users\LENOVO\Downloads\knote\knote\src\main\java\io\learnk8s\knote\KnoteJavaApplication.java
2026.10.05 11:55:14 INFO  no build target found for C:\Users\LENOVO\Downloads\knote\knote\src\main\java\io\learnk8s\knote\KnoteJavaApplication.java. Using fallback presentation compiler.
oct 05, 2026 11:55:14 A. M. org.eclipse.lsp4j.jsonrpc.RemoteEndpoint handleCancellation
WARNING: Unmatched cancel notification for request id 1
2026.10.05 11:55:14 INFO  no build target found for C:\Users\LENOVO\Downloads\knote\knote\src\main\java\io\learnk8s\knote\KnoteJavaApplication.java. Using fallback presentation compiler.
oct 05, 2026 11:55:15 A. M. org.eclipse.lsp4j.jsonrpc.RemoteEndpoint handleCancellation
WARNING: Unmatched cancel notification for request id 5
2026.10.05 11:55:14 INFO  no build target found for C:\Users\LENOVO\Downloads\knote\knote\src\main\java\io\learnk8s\knote\KnoteJavaApplication.java. Using fallback presentation compiler.
2026.10.05 11:55:14 INFO  no build target found for C:\Users\LENOVO\Downloads\knote\knote\src\main\java\io\learnk8s\knote\KnoteJavaApplication.java. Using fallback presentation compiler.
2026.10.05 11:55:16 INFO  no build target found for C:\Users\LENOVO\Downloads\knote\knote\src\main\java\io\learnk8s\knote\KnoteJavaApplication.java. Using fallback presentation compiler.
oct 05, 2026 11:55:16 A. M. org.eclipse.lsp4j.jsonrpc.RemoteEndpoint handleCancellation
WARNING: Unmatched cancel notification for request id 8
2026.10.05 11:55:16 INFO  no build target found for C:\Users\LENOVO\Downloads\knote\knote\src\main\java\io\learnk8s\knote\KnoteJavaApplication.java. Using fallback presentation compiler.
oct 05, 2026 11:55:16 A. M. org.eclipse.lsp4j.jsonrpc.RemoteEndpoint handleCancellation
WARNING: Unmatched cancel notification for request id 12
2026.10.05 11:55:16 INFO  no build target found for C:\Users\LENOVO\Downloads\knote\knote\src\main\java\io\learnk8s\knote\KnoteJavaApplication.java. Using fallback presentation compiler.
2026.10.05 11:55:16 INFO  time: code lens generation in 1.28s
2026.10.05 11:55:16 INFO  no build target found for C:\Users\LENOVO\Downloads\knote\knote\src\main\java\io\learnk8s\knote\KnoteJavaApplication.java. Using fallback presentation compiler.
2026.10.05 11:55:16 INFO  no build target found for C:\Users\LENOVO\Downloads\knote\knote\src\main\java\io\learnk8s\knote\KnoteJavaApplication.java. Using fallback presentation compiler.
2026.10.05 11:55:17 INFO  no build target found for C:\Users\LENOVO\Downloads\knote\knote\src\main\java\io\learnk8s\knote\KnoteJavaApplication.java. Using fallback presentation compiler.
2026.10.05 11:55:18 INFO  no build target found for C:\Users\LENOVO\Downloads\knote\knote\src\main\java\io\learnk8s\knote\KnoteJavaApplication.java. Using fallback presentation compiler.
2026.10.05 11:55:18 INFO  no build target found for C:\Users\LENOVO\Downloads\knote\knote\src\main\java\io\learnk8s\knote\KnoteJavaApplication.java. Using fallback presentation compiler.
2026.10.05 11:55:36 INFO  no build target found for C:\Users\LENOVO\Downloads\knote\knote\src\main\java\io\learnk8s\knote\KnoteJavaApplication.java. Using fallback presentation compiler.
2026.10.05 11:55:36 INFO  no build target found for C:\Users\LENOVO\Downloads\knote\knote\src\main\java\io\learnk8s\knote\KnoteJavaApplication.java. Using fallback presentation compiler.
2026.10.05 11:55:41 INFO  no build target found for C:\Users\LENOVO\Downloads\knote\knote\src\main\java\io\learnk8s\knote\KnoteJavaApplication.java. Using fallback presentation compiler.
2026.10.05 11:55:43 INFO  no build target found for C:\Users\LENOVO\Downloads\knote\knote\src\main\java\io\learnk8s\knote\KnoteJavaApplication.java. Using fallback presentation compiler.
2026.10.05 11:56:16 INFO  no build target found for C:\Users\LENOVO\Downloads\knote\knote\src\main\java\io\learnk8s\knote\KnoteJavaApplication.java. Using fallback presentation compiler.
2026.10.05 12:00:17 INFO  no build target found for C:\Users\LENOVO\Downloads\knote\knote\src\main\java\io\learnk8s\knote\KnoteJavaApplication.java. Using fallback presentation compiler.
2026.10.05 12:00:21 INFO  no build target found for C:\Users\LENOVO\Downloads\knote\knote\src\main\java\io\learnk8s\knote\KnoteJavaApplication.java. Using fallback presentation compiler.
2026.10.05 12:07:04 INFO  no build target found for C:\Users\LENOVO\Downloads\knote\knote\src\main\java\io\learnk8s\knote\KnoteJavaApplication.java. Using fallback presentation compiler.
2026.10.05 12:07:35 WARN  no build target for: C:\Users\LENOVO\Downloads\knote\knote\src\main\java\io\learnk8s\knote\KnoteJavaApplication.java
2026.10.05 12:07:35 INFO  no build target found for C:\Users\LENOVO\Downloads\knote\knote\src\main\java\io\learnk8s\knote\KnoteJavaApplication.java. Using fallback presentation compiler.
2026.10.05 12:07:35 INFO  no build target found for C:\Users\LENOVO\Downloads\knote\knote\src\main\java\io\learnk8s\knote\KnoteJavaApplication.java. Using fallback presentation compiler.
oct 05, 2026 12:07:35 P. M. org.eclipse.lsp4j.jsonrpc.RemoteEndpoint handleCancellation
WARNING: Unmatched cancel notification for request id 33
2026.10.05 12:07:35 INFO  no build target found for C:\Users\LENOVO\Downloads\knote\knote\src\main\java\io\learnk8s\knote\KnoteJavaApplication.java. Using fallback presentation compiler.
2026.10.05 12:07:35 INFO  no build target found for C:\Users\LENOVO\Downloads\knote\knote\src\main\java\io\learnk8s\knote\KnoteJavaApplication.java. Using fallback presentation compiler.
2026.10.05 12:07:35 INFO  no build target found for C:\Users\LENOVO\Downloads\knote\knote\src\main\java\io\learnk8s\knote\KnoteJavaApplication.java. Using fallback presentation compiler.
2026.10.05 12:07:37 INFO  no build target found for C:\Users\LENOVO\Downloads\knote\knote\src\main\java\io\learnk8s\knote\KnoteJavaApplication.java. Using fallback presentation compiler.
2026.10.05 12:07:54 INFO  Shutting down server
2026.10.05 12:07:54 INFO  Memory monitor stopped
2026.10.05 12:07:54 INFO  shutting down Metals
2026.10.05 12:07:54 INFO  Exiting server
2026.10.05 13:03:11 INFO  Started: Metals version 1.6.9 in folders 'C:\Users\LENOVO\Downloads\knote\knote' for client Visual Studio Code 1.140.0.
2026.10.05 13:03:11 INFO  time: initialize in 0.3s
2026.10.05 13:03:11 INFO  Memory monitor started
2026.10.05 13:03:21 WARN  Using H2 2.5.250 which is newer than the version Flyway has been verified with. The latest verified version of H2 is 2.3.232.
2026.10.05 13:03:24 INFO  no build target found for C:\Users\LENOVO\Downloads\knote\knote\src\main\java\io\learnk8s\knote\KnoteJavaApplication.java. Using fallback presentation compiler.
2026.10.05 13:03:31 INFO  no build target found for C:\Users\LENOVO\Downloads\knote\knote\src\main\java\io\learnk8s\knote\KnoteJavaApplication.java. Using fallback presentation compiler.
2026.10.05 13:03:35 WARN  no build target for: C:\Users\LENOVO\Downloads\knote\knote\src\main\java\io\learnk8s\knote\KnoteJavaApplication.java
2026.10.05 13:03:36 INFO  no build target found for C:\Users\LENOVO\Downloads\knote\knote\src\main\java\io\learnk8s\knote\KnoteJavaApplication.java. Using fallback presentation compiler.
2026.10.05 13:03:40 INFO  time: code lens generation in 4.23s
2026.10.05 13:03:52 INFO  no build target found for C:\Users\LENOVO\Downloads\knote\knote\src\main\java\io\learnk8s\knote\KnoteJavaApplication.java. Using fallback presentation compiler.
2026.10.05 13:03:56 INFO  no build target found for C:\Users\LENOVO\Downloads\knote\knote\src\main\java\io\learnk8s\knote\KnoteJavaApplication.java. Using fallback presentation compiler.
2026.10.05 13:03:56 INFO  no build target found for C:\Users\LENOVO\Downloads\knote\knote\src\main\java\io\learnk8s\knote\KnoteJavaApplication.java. Using fallback presentation compiler.
2026.10.05 13:04:05 INFO  no build target found for C:\Users\LENOVO\Downloads\knote\knote\src\main\java\io\learnk8s\knote\KnoteJavaApplication.java. Using fallback presentation compiler.
2026.10.05 13:04:16 INFO  no build target found for C:\Users\LENOVO\Downloads\knote\knote\src\main\java\io\learnk8s\knote\KnoteJavaApplication.java. Using fallback presentation compiler.
2026.10.05 13:04:46 INFO  no build target found for C:\Users\LENOVO\Downloads\knote\knote\src\main\java\io\learnk8s\knote\KnoteJavaApplication.java. Using fallback presentation compiler.
2026.10.05 13:11:54 INFO  no build target found for C:\Users\LENOVO\Downloads\knote\knote\src\main\java\io\learnk8s\knote\KnoteJavaApplication.java. Using fallback presentation compiler.
2026.10.05 13:12:07 INFO  no build target found for C:\Users\LENOVO\Downloads\knote\knote\src\main\java\io\learnk8s\knote\KnoteJavaApplication.java. Using fallback presentation compiler.
2026.10.05 13:12:07 WARN  no build target for: C:\Users\LENOVO\Downloads\knote\knote\src\main\java\io\learnk8s\knote\KnoteJavaApplication.java
2026.10.05 13:12:08 INFO  no build target found for C:\Users\LENOVO\Downloads\knote\knote\src\main\java\io\learnk8s\knote\KnoteJavaApplication.java. Using fallback presentation compiler.
oct 05, 2026 1:12:08 P. M. org.eclipse.lsp4j.jsonrpc.RemoteEndpoint handleCancellation
WARNING: Unmatched cancel notification for request id 26
2026.10.05 13:12:07 INFO  no build target found for C:\Users\LENOVO\Downloads\knote\knote\src\main\java\io\learnk8s\knote\KnoteJavaApplication.java. Using fallback presentation compiler.
2026.10.05 13:12:07 INFO  no build target found for C:\Users\LENOVO\Downloads\knote\knote\src\main\java\io\learnk8s\knote\KnoteJavaApplication.java. Using fallback presentation compiler.
2026.10.05 13:12:09 INFO  no build target found for C:\Users\LENOVO\Downloads\knote\knote\src\main\java\io\learnk8s\knote\KnoteJavaApplication.java. Using fallback presentation compiler.
2026.10.05 13:12:10 INFO  no build target found for C:\Users\LENOVO\Downloads\knote\knote\src\main\java\io\learnk8s\knote\KnoteJavaApplication.java. Using fallback presentation compiler.
2026.10.05 13:17:25 INFO  no build target found for C:\Users\LENOVO\Downloads\knote\knote\src\main\java\io\learnk8s\knote\KnoteJavaApplication.java. Using fallback presentation compiler.
2026.10.05 13:19:32 INFO  no build target found for C:\Users\LENOVO\Downloads\knote\knote\src\main\java\io\learnk8s\knote\KnoteJavaApplication.java. Using fallback presentation compiler.
2026.10.05 13:19:56 WARN  no build target for: C:\Users\LENOVO\Downloads\knote\knote\src\main\java\io\learnk8s\knote\KnoteJavaApplication.java
2026.10.05 13:19:56 INFO  no build target found for C:\Users\LENOVO\Downloads\knote\knote\src\main\java\io\learnk8s\knote\KnoteJavaApplication.java. Using fallback presentation compiler.
2026.10.05 13:19:56 INFO  no build target found for C:\Users\LENOVO\Downloads\knote\knote\src\main\java\io\learnk8s\knote\KnoteJavaApplication.java. Using fallback presentation compiler.
oct 05, 2026 1:19:56 P. M. org.eclipse.lsp4j.jsonrpc.RemoteEndpoint handleCancellation
WARNING: Unmatched cancel notification for request id 41
2026.10.05 13:19:56 INFO  no build target found for C:\Users\LENOVO\Downloads\knote\knote\src\main\java\io\learnk8s\knote\KnoteJavaApplication.java. Using fallback presentation compiler.
2026.10.05 13:19:56 INFO  no build target found for C:\Users\LENOVO\Downloads\knote\knote\src\main\java\io\learnk8s\knote\KnoteJavaApplication.java. Using fallback presentation compiler.
2026.10.05 13:19:59 INFO  no build target found for C:\Users\LENOVO\Downloads\knote\knote\src\main\java\io\learnk8s\knote\KnoteJavaApplication.java. Using fallback presentation compiler.
2026.10.05 13:19:59 INFO  no build target found for C:\Users\LENOVO\Downloads\knote\knote\src\main\java\io\learnk8s\knote\KnoteJavaApplication.java. Using fallback presentation compiler.
oct 05, 2026 1:20:16 P. M. org.eclipse.lsp4j.jsonrpc.RemoteEndpoint handleNotification
WARNING: Notification threw an exception: {
  "jsonrpc": "2.0",
  "method": "workspace/didChangeWatchedFiles",
  "params": {
    "changes": [
      {
        "uri": "file:///c%3A/Users/LENOVO/Downloads/knote/knote/build",
        "type": 2
      },
      {
        "uri": "file:///c%3A/Users/LENOVO/Downloads/knote/knote/build",
        "type": 3
      },
      {
        "uri": "file:///c%3A/Users/LENOVO/Downloads/knote/knote/build",
        "type": 3
      }
    ]
  }
}
java.lang.IllegalStateException: An unexpected exception occurred while executing jsonrpc method public abstract java.util.concurrent.CompletableFuture scala.meta.metals.lsp.WorkspaceService.didChangeWatchedFiles(org.eclipse.lsp4j.DidChangeWatchedFilesParams)
	at org.eclipse.lsp4j.jsonrpc.services.GenericEndpoint.lambda$recursiveFindRpcMethods$0(GenericEndpoint.java:73)
	at org.eclipse.lsp4j.jsonrpc.services.GenericEndpoint.notify(GenericEndpoint.java:160)
	at org.eclipse.lsp4j.jsonrpc.RemoteEndpoint.handleNotification(RemoteEndpoint.java:225)
	at org.eclipse.lsp4j.jsonrpc.RemoteEndpoint.consume(RemoteEndpoint.java:192)
	at org.eclipse.lsp4j.jsonrpc.json.StreamMessageProducer.handleMessage(StreamMessageProducer.java:189)
	at org.eclipse.lsp4j.jsonrpc.json.StreamMessageProducer.listen(StreamMessageProducer.java:97)
	at org.eclipse.lsp4j.jsonrpc.json.ConcurrentMessageProcessor.run(ConcurrentMessageProcessor.java:97)
	at java.base/java.util.concurrent.Executors$RunnableAdapter.call(Executors.java:545)
	at java.base/java.util.concurrent.FutureTask.run(FutureTask.java:328)
	at java.base/java.util.concurrent.ThreadPoolExecutor.runWorker(ThreadPoolExecutor.java:1090)
	at java.base/java.util.concurrent.ThreadPoolExecutor$Worker.run(ThreadPoolExecutor.java:614)
	at java.base/java.lang.Thread.run(Thread.java:1474)
Caused by: java.nio.file.NoSuchFileException: c:\Users\LENOVO\Downloads\knote\knote\build
	at java.base/sun.nio.fs.WindowsException.translateToIOException(WindowsException.java:85)
	at java.base/sun.nio.fs.WindowsException.rethrowAsIOException(WindowsException.java:103)
	at java.base/sun.nio.fs.WindowsException.rethrowAsIOException(WindowsException.java:108)
	at java.base/sun.nio.fs.WindowsFileSystemProvider.newByteChannel(WindowsFileSystemProvider.java:231)
	at java.base/java.nio.file.Files.newByteChannel(Files.java:357)
	at java.base/java.nio.file.Files.newByteChannel(Files.java:399)
	at java.base/java.nio.file.Files.readAllBytes(Files.java:2973)
	at scala.meta.internal.io.PlatformFileIO$.slurp(PlatformFileIO.scala:38)
	at scala.meta.internal.io.FileIO$.slurp(FileIO.scala:18)
	at scala.meta.internal.metals.MetalsLspService.$anonfun$onChange$1(MetalsLspService.scala:945)
	at scala.collection.immutable.List.map(List.scala:236)
	at scala.collection.immutable.List.map(List.scala:79)
	at scala.meta.internal.metals.MetalsLspService.onChange(MetalsLspService.scala:944)
	at scala.meta.internal.metals.ProjectMetalsLspService.onChange(ProjectMetalsLspService.scala:368)
	at scala.meta.internal.metals.MetalsLspService.didChangeWatchedFiles(MetalsLspService.scala:930)
	at scala.meta.internal.metals.WorkspaceLspService.$anonfun$didChangeWatchedFiles$3(WorkspaceLspService.scala:707)
	at scala.collection.StrictOptimizedIterableOps.map(StrictOptimizedIterableOps.scala:100)
	at scala.collection.StrictOptimizedIterableOps.map$(StrictOptimizedIterableOps.scala:87)
	at scala.collection.immutable.HashMap.map(HashMap.scala:39)
	at scala.meta.internal.metals.WorkspaceLspService.didChangeWatchedFiles(WorkspaceLspService.scala:706)
	at scala.meta.metals.lsp.DelegatingScalaService.didChangeWatchedFiles(DelegatingScalaService.scala:61)
	at java.base/jdk.internal.reflect.DirectMethodHandleAccessor.invoke(DirectMethodHandleAccessor.java:104)
	at java.base/java.lang.reflect.Method.invoke(Method.java:565)
	at org.eclipse.lsp4j.jsonrpc.services.GenericEndpoint.lambda$recursiveFindRpcMethods$0(GenericEndpoint.java:65)
	... 11 more

2026.10.05 13:20:16 INFO  no build target found for C:\Users\LENOVO\Downloads\knote\knote\src\main\java\io\learnk8s\knote\KnoteJavaApplication.java. Using fallback presentation compiler.
2026.10.05 13:20:16 INFO  no build target found for C:\Users\LENOVO\Downloads\knote\knote\src\main\java\io\learnk8s\knote\KnoteJavaApplication.java. Using fallback presentation compiler.
2026.10.05 13:20:17 INFO  no build target found for C:\Users\LENOVO\Downloads\knote\knote\src\main\java\io\learnk8s\knote\KnoteJavaApplication.java. Using fallback presentation compiler.
2026.10.05 13:20:17 INFO  no build target found for C:\Users\LENOVO\Downloads\knote\knote\src\main\java\io\learnk8s\knote\KnoteJavaApplication.java. Using fallback presentation compiler.
2026.10.05 13:20:21 INFO  no build target found for C:\Users\LENOVO\Downloads\knote\knote\src\main\java\io\learnk8s\knote\KnoteJavaApplication.java. Using fallback presentation compiler.
2026.10.05 13:20:23 INFO  no build target found for C:\Users\LENOVO\Downloads\knote\knote\src\main\java\io\learnk8s\knote\KnoteJavaApplication.java. Using fallback presentation compiler.
2026.10.05 13:21:10 INFO  no build target found for C:\Users\LENOVO\Downloads\knote\knote\src\main\java\io\learnk8s\knote\KnoteJavaApplication.java. Using fallback presentation compiler.
2026.10.05 13:21:10 INFO  no build target found for C:\Users\LENOVO\Downloads\knote\knote\src\main\java\io\learnk8s\knote\KnoteJavaApplication.java. Using fallback presentation compiler.
2026.10.05 13:21:10 INFO  no build target found for C:\Users\LENOVO\Downloads\knote\knote\src\main\java\io\learnk8s\knote\KnoteJavaApplication.java. Using fallback presentation compiler.
oct 05, 2026 1:21:10 P. M. org.eclipse.lsp4j.jsonrpc.RemoteEndpoint handleCancellation
WARNING: Unmatched cancel notification for request id 60
2026.10.05 13:21:10 INFO  no build target found for C:\Users\LENOVO\Downloads\knote\knote\src\main\java\io\learnk8s\knote\KnoteJavaApplication.java. Using fallback presentation compiler.
2026.10.05 13:21:13 INFO  no build target found for C:\Users\LENOVO\Downloads\knote\knote\src\main\java\io\learnk8s\knote\KnoteJavaApplication.java. Using fallback presentation compiler.
2026.10.05 13:21:19 INFO  no build target found for C:\Users\LENOVO\Downloads\knote\knote\src\main\java\io\learnk8s\knote\KnoteJavaApplication.java. Using fallback presentation compiler.
2026.10.05 13:21:19 INFO  no build target found for C:\Users\LENOVO\Downloads\knote\knote\src\main\java\io\learnk8s\knote\KnoteJavaApplication.java. Using fallback presentation compiler.
2026.10.05 13:21:19 INFO  no build target found for C:\Users\LENOVO\Downloads\knote\knote\src\main\java\io\learnk8s\knote\KnoteJavaApplication.java. Using fallback presentation compiler.
2026.10.05 13:22:28 INFO  no build target found for C:\Users\LENOVO\Downloads\knote\knote\src\main\java\io\learnk8s\knote\KnoteJavaApplication.java. Using fallback presentation compiler.
2026.10.05 13:22:39 INFO  Shutting down server
2026.10.05 13:22:39 INFO  Memory monitor stopped
2026.10.05 13:22:39 INFO  shutting down Metals
2026.10.05 13:22:39 INFO  Exiting server
2026.10.05 13:23:09 INFO  Started: Metals version 1.6.9 in folders 'C:\Users\LENOVO\Downloads\knote\knote' for client Visual Studio Code 1.140.0.
2026.10.05 13:23:09 INFO  Memory monitor started
2026.10.05 13:23:13 WARN  Using H2 2.5.250 which is newer than the version Flyway has been verified with. The latest verified version of H2 is 2.3.232.
2026.10.05 13:23:14 INFO  no build target found for C:\Users\LENOVO\Downloads\knote\knote\src\main\java\io\learnk8s\knote\KnoteJavaApplication.java. Using fallback presentation compiler.
oct 05, 2026 1:23:17 P. M. org.eclipse.lsp4j.jsonrpc.services.GenericEndpoint notify
INFO: Unsupported notification method: $/setTrace
oct 05, 2026 1:23:17 P. M. org.eclipse.lsp4j.jsonrpc.RemoteEndpoint handleCancellation
WARNING: Unmatched cancel notification for request id 1
2026.10.05 13:23:17 INFO  no build target found for C:\Users\LENOVO\Downloads\knote\knote\src\main\java\io\learnk8s\knote\KnoteJavaApplication.java. Using fallback presentation compiler.
2026.10.05 13:23:17 INFO  no build target found for C:\Users\LENOVO\Downloads\knote\knote\src\main\java\io\learnk8s\knote\KnoteJavaApplication.java. Using fallback presentation compiler.
2026.10.05 13:23:17 INFO  no build target found for C:\Users\LENOVO\Downloads\knote\knote\src\main\java\io\learnk8s\knote\KnoteJavaApplication.java. Using fallback presentation compiler.
oct 05, 2026 1:23:20 P. M. org.eclipse.lsp4j.jsonrpc.RemoteEndpoint handleCancellation
WARNING: Unmatched cancel notification for request id 2
oct 05, 2026 1:23:20 P. M. org.eclipse.lsp4j.jsonrpc.services.GenericEndpoint notify
INFO: Unsupported notification method: $/setTrace
oct 05, 2026 1:23:20 P. M. org.eclipse.lsp4j.jsonrpc.RemoteEndpoint handleCancellation
WARNING: Unmatched cancel notification for request id 8
2026.10.05 13:23:20 INFO  no build target found for C:\Users\LENOVO\Downloads\knote\knote\src\main\java\io\learnk8s\knote\KnoteJavaApplication.java. Using fallback presentation compiler.
oct 05, 2026 1:23:20 P. M. org.eclipse.lsp4j.jsonrpc.RemoteEndpoint handleCancellation
WARNING: Unmatched cancel notification for request id 10
2026.10.05 13:23:22 WARN  no build target for: C:\Users\LENOVO\Downloads\knote\knote\src\main\java\io\learnk8s\knote\KnoteJavaApplication.java
2026.10.05 13:23:22 INFO  no build target found for C:\Users\LENOVO\Downloads\knote\knote\src\main\java\io\learnk8s\knote\KnoteJavaApplication.java. Using fallback presentation compiler.
2026.10.05 13:23:23 INFO  no build target found for C:\Users\LENOVO\Downloads\knote\knote\src\main\java\io\learnk8s\knote\KnoteJavaApplication.java. Using fallback presentation compiler.
2026.10.05 13:23:25 INFO  no build target found for C:\Users\LENOVO\Downloads\knote\knote\src\main\java\io\learnk8s\knote\KnoteJavaApplication.java. Using fallback presentation compiler.
2026.10.05 13:23:26 INFO  time: code lens generation in 1.04s
2026.10.05 13:23:26 INFO  time: code lens generation in 3.94s
2026.10.05 13:23:44 INFO  no build target found for C:\Users\LENOVO\Downloads\knote\knote\src\main\java\io\learnk8s\knote\KnoteJavaApplication.java. Using fallback presentation compiler.
2026.10.05 13:23:49 INFO  no build target found for C:\Users\LENOVO\Downloads\knote\knote\src\main\java\io\learnk8s\knote\KnoteJavaApplication.java. Using fallback presentation compiler.
2026.10.05 13:24:03 INFO  no build target found for C:\Users\LENOVO\Downloads\knote\knote\src\main\java\io\learnk8s\knote\KnoteJavaApplication.java. Using fallback presentation compiler.
2026.10.05 13:30:20 INFO  no build target found for C:\Users\LENOVO\Downloads\knote\knote\src\main\java\io\learnk8s\knote\KnoteJavaApplication.java. Using fallback presentation compiler.
2026.10.05 13:30:20 WARN  no build target for: C:\Users\LENOVO\Downloads\knote\knote\src\main\java\io\learnk8s\knote\KnoteJavaApplication.java
2026.10.05 13:30:20 INFO  no build target found for C:\Users\LENOVO\Downloads\knote\knote\src\main\java\io\learnk8s\knote\KnoteJavaApplication.java. Using fallback presentation compiler.
2026.10.05 13:30:20 INFO  no build target found for C:\Users\LENOVO\Downloads\knote\knote\src\main\java\io\learnk8s\knote\KnoteJavaApplication.java. Using fallback presentation compiler.
2026.10.05 13:30:20 INFO  no build target found for C:\Users\LENOVO\Downloads\knote\knote\src\main\java\io\learnk8s\knote\KnoteJavaApplication.java. Using fallback presentation compiler.
2026.10.05 13:30:20 INFO  no build target found for C:\Users\LENOVO\Downloads\knote\knote\src\main\java\io\learnk8s\knote\KnoteJavaApplication.java. Using fallback presentation compiler.
2026.10.05 13:30:21 INFO  no build target found for C:\Users\LENOVO\Downloads\knote\knote\src\main\java\io\learnk8s\knote\KnoteJavaApplication.java. Using fallback presentation compiler.
oct 05, 2026 1:30:22 P. M. org.eclipse.lsp4j.jsonrpc.RemoteEndpoint handleCancellation
WARNING: Unmatched cancel notification for request id 31
2026.10.05 13:30:23 INFO  time: code lens generation in 2.62s
2026.10.05 13:30:23 INFO  no build target found for C:\Users\LENOVO\Downloads\knote\knote\src\main\java\io\learnk8s\knote\KnoteJavaApplication.java. Using fallback presentation compiler.
2026.10.05 13:30:23 INFO  no build target found for C:\Users\LENOVO\Downloads\knote\knote\src\main\java\io\learnk8s\knote\KnoteJavaApplication.java. Using fallback presentation compiler.
2026.10.05 13:30:25 INFO  time: code lens generation in 1.85s
2026.10.05 13:30:28 INFO  no build target found for C:\Users\LENOVO\Downloads\knote\knote\src\main\java\io\learnk8s\knote\KnoteJavaApplication.java. Using fallback presentation compiler.
2026.10.05 13:30:29 INFO  no build target found for C:\Users\LENOVO\Downloads\knote\knote\src\main\java\io\learnk8s\knote\KnoteJavaApplication.java. Using fallback presentation compiler.
oct 05, 2026 1:30:29 P. M. org.eclipse.lsp4j.jsonrpc.RemoteEndpoint handleCancellation
WARNING: Unmatched cancel notification for request id 40
2026.10.05 13:30:29 INFO  no build target found for C:\Users\LENOVO\Downloads\knote\knote\src\main\java\io\learnk8s\knote\KnoteJavaApplication.java. Using fallback presentation compiler.
2026.10.05 13:30:29 INFO  no build target found for C:\Users\LENOVO\Downloads\knote\knote\src\main\java\io\learnk8s\knote\KnoteJavaApplication.java. Using fallback presentation compiler.
2026.10.05 13:30:33 INFO  no build target found for C:\Users\LENOVO\Downloads\knote\knote\src\main\java\io\learnk8s\knote\KnoteJavaApplication.java. Using fallback presentation compiler.
2026.10.05 13:31:06 INFO  no build target found for C:\Users\LENOVO\Downloads\knote\knote\src\main\java\io\learnk8s\knote\KnoteJavaApplication.java. Using fallback presentation compiler.
2026.10.05 13:31:09 INFO  no build target found for C:\Users\LENOVO\Downloads\knote\knote\src\main\java\io\learnk8s\knote\KnoteJavaApplication.java. Using fallback presentation compiler.
2026.10.05 13:32:03 INFO  no build target found for C:\Users\LENOVO\Downloads\knote\knote\src\main\java\io\learnk8s\knote\KnoteJavaApplication.java. Using fallback presentation compiler.
2026.10.05 13:32:07 INFO  no build target found for C:\Users\LENOVO\Downloads\knote\knote\src\main\java\io\learnk8s\knote\KnoteJavaApplication.java. Using fallback presentation compiler.
2026.10.05 13:32:24 INFO  no build target found for C:\Users\LENOVO\Downloads\knote\knote\src\main\java\io\learnk8s\knote\KnoteJavaApplication.java. Using fallback presentation compiler.
2026.10.05 13:44:20 INFO  no build target found for C:\Users\LENOVO\Downloads\knote\knote\src\main\java\io\learnk8s\knote\KnoteJavaApplication.java. Using fallback presentation compiler.
2026.10.05 14:27:01 INFO  Shutting down server
2026.10.05 14:27:01 INFO  Memory monitor stopped
2026.10.05 14:27:01 INFO  shutting down Metals
2026.10.05 14:27:01 INFO  Exiting server
2026.10.05 14:27:52 INFO  Started: Metals version 1.6.9 in folders 'C:\Users\LENOVO\Downloads\knote\knote' for client Visual Studio Code 1.140.0.
2026.10.05 14:27:52 INFO  Memory monitor started
2026.10.05 14:27:55 WARN  Using H2 2.5.250 which is newer than the version Flyway has been verified with. The latest verified version of H2 is 2.3.232.
2026.10.05 14:27:57 INFO  no build target found for C:\Users\LENOVO\Downloads\knote\knote\src\main\java\io\learnk8s\knote\KnoteJavaApplication.java. Using fallback presentation compiler.
2026.10.05 14:27:58 INFO  no build target found for C:\Users\LENOVO\Downloads\knote\knote\src\main\java\io\learnk8s\knote\KnoteJavaApplication.java. Using fallback presentation compiler.
2026.10.05 14:27:59 INFO  no build target found for C:\Users\LENOVO\Downloads\knote\knote\src\main\java\io\learnk8s\knote\KnoteJavaApplication.java. Using fallback presentation compiler.
2026.10.05 14:28:03 INFO  no build target found for C:\Users\LENOVO\Downloads\knote\knote\src\main\java\io\learnk8s\knote\KnoteJavaApplication.java. Using fallback presentation compiler.
2026.10.05 14:28:24 INFO  no build target found for C:\Users\LENOVO\Downloads\knote\knote\src\main\java\io\learnk8s\knote\KnoteJavaApplication.java. Using fallback presentation compiler.
2026.10.05 14:28:24 INFO  no build target found for C:\Users\LENOVO\Downloads\knote\knote\src\main\java\io\learnk8s\knote\KnoteJavaApplication.java. Using fallback presentation compiler.
2026.10.05 14:28:26 INFO  no build target found for C:\Users\LENOVO\Downloads\knote\knote\src\main\java\io\learnk8s\knote\KnoteJavaApplication.java. Using fallback presentation compiler.
2026.10.05 14:28:33 INFO  no build target found for C:\Users\LENOVO\Downloads\knote\knote\src\main\java\io\learnk8s\knote\KnoteJavaApplication.java. Using fallback presentation compiler.
oct 05, 2026 2:28:33 P. M. org.eclipse.lsp4j.jsonrpc.RemoteEndpoint handleCancellation
WARNING: Unmatched cancel notification for request id 15
2026.10.05 14:28:33 INFO  no build target found for C:\Users\LENOVO\Downloads\knote\knote\src\main\java\io\learnk8s\knote\KnoteJavaApplication.java. Using fallback presentation compiler.
2026.10.05 14:28:36 INFO  no build target found for C:\Users\LENOVO\Downloads\knote\knote\src\main\java\io\learnk8s\knote\KnoteJavaApplication.java. Using fallback presentation compiler.
2026.10.05 15:01:30 INFO  no build target found for C:\Users\LENOVO\Downloads\knote\knote\src\main\java\io\learnk8s\knote\KnoteJavaApplication.java. Using fallback presentation compiler.
2026.10.05 15:24:47 INFO  no build target found for C:\Users\LENOVO\Downloads\knote\knote\src\main\java\io\learnk8s\knote\KnoteJavaApplication.java. Using fallback presentation compiler.
2026.10.05 15:24:48 INFO  no build target found for C:\Users\LENOVO\Downloads\knote\knote\src\main\java\io\learnk8s\knote\KnoteJavaApplication.java. Using fallback presentation compiler.
oct 05, 2026 3:24:48 P. M. org.eclipse.lsp4j.jsonrpc.RemoteEndpoint handleCancellation
WARNING: Unmatched cancel notification for request id 25
2026.10.05 15:24:47 INFO  no build target found for C:\Users\LENOVO\Downloads\knote\knote\src\main\java\io\learnk8s\knote\KnoteJavaApplication.java. Using fallback presentation compiler.
2026.10.05 15:24:48 INFO  no build target found for C:\Users\LENOVO\Downloads\knote\knote\src\main\java\io\learnk8s\knote\KnoteJavaApplication.java. Using fallback presentation compiler.
2026.10.05 15:24:50 INFO  no build target found for C:\Users\LENOVO\Downloads\knote\knote\src\main\java\io\learnk8s\knote\KnoteJavaApplication.java. Using fallback presentation compiler.
2026.10.05 15:24:53 INFO  no build target found for C:\Users\LENOVO\Downloads\knote\knote\src\main\java\io\learnk8s\knote\KnoteJavaApplication.java. Using fallback presentation compiler.
2026.10.05 15:24:54 INFO  no build target found for C:\Users\LENOVO\Downloads\knote\knote\src\main\java\io\learnk8s\knote\KnoteJavaApplication.java. Using fallback presentation compiler.
2026.10.05 15:24:55 INFO  no build target found for C:\Users\LENOVO\Downloads\knote\knote\src\main\java\io\learnk8s\knote\KnoteJavaApplication.java. Using fallback presentation compiler.
2026.10.05 15:25:02 INFO  no build target found for C:\Users\LENOVO\Downloads\knote\knote\src\main\java\io\learnk8s\knote\KnoteJavaApplication.java. Using fallback presentation compiler.
2026.10.05 15:25:03 INFO  no build target found for C:\Users\LENOVO\Downloads\knote\knote\src\main\java\io\learnk8s\knote\KnoteJavaApplication.java. Using fallback presentation compiler.
2026.10.05 15:25:05 INFO  no build target found for C:\Users\LENOVO\Downloads\knote\knote\src\main\java\io\learnk8s\knote\KnoteJavaApplication.java. Using fallback presentation compiler.
2026.10.05 15:25:50 INFO  no build target found for C:\Users\LENOVO\Downloads\knote\knote\src\main\java\io\learnk8s\knote\KnoteJavaApplication.java. Using fallback presentation compiler.
2026.10.05 15:25:51 INFO  no build target found for C:\Users\LENOVO\Downloads\knote\knote\src\main\java\io\learnk8s\knote\KnoteJavaApplication.java. Using fallback presentation compiler.
2026.10.05 15:25:58 INFO  no build target found for C:\Users\LENOVO\Downloads\knote\knote\src\main\java\io\learnk8s\knote\KnoteJavaApplication.java. Using fallback presentation compiler.
2026.10.05 15:26:01 INFO  no build target found for C:\Users\LENOVO\Downloads\knote\knote\src\main\java\io\learnk8s\knote\KnoteJavaApplication.java. Using fallback presentation compiler.
2026.10.05 15:27:17 INFO  no build target found for C:\Users\LENOVO\Downloads\knote\knote\src\main\java\io\learnk8s\knote\KnoteJavaApplication.java. Using fallback presentation compiler.
2026.10.05 15:27:27 INFO  no build target found for C:\Users\LENOVO\Downloads\knote\knote\src\main\java\io\learnk8s\knote\KnoteJavaApplication.java. Using fallback presentation compiler.
2026.10.05 15:27:28 INFO  no build target found for C:\Users\LENOVO\Downloads\knote\knote\src\main\java\io\learnk8s\knote\KnoteJavaApplication.java. Using fallback presentation compiler.
2026.10.05 15:37:14 INFO  no build target found for C:\Users\LENOVO\Downloads\knote\knote\src\main\java\io\learnk8s\knote\KnoteJavaApplication.java. Using fallback presentation compiler.
2026.10.05 15:37:14 INFO  no build target found for C:\Users\LENOVO\Downloads\knote\knote\src\main\java\io\learnk8s\knote\KnoteJavaApplication.java. Using fallback presentation compiler.
2026.10.05 15:37:14 INFO  no build target found for C:\Users\LENOVO\Downloads\knote\knote\src\main\java\io\learnk8s\knote\KnoteJavaApplication.java. Using fallback presentation compiler.
2026.10.05 15:37:15 INFO  no build target found for C:\Users\LENOVO\Downloads\knote\knote\src\main\java\io\learnk8s\knote\KnoteJavaApplication.java. Using fallback presentation compiler.
2026.10.05 15:37:35 INFO  no build target found for C:\Users\LENOVO\Downloads\knote\knote\src\main\java\io\learnk8s\knote\KnoteJavaApplication.java. Using fallback presentation compiler.
2026.10.05 15:37:51 INFO  no build target found for C:\Users\LENOVO\Downloads\knote\knote\src\main\java\io\learnk8s\knote\KnoteJavaApplication.java. Using fallback presentation compiler.
2026.10.05 15:37:51 INFO  no build target found for C:\Users\LENOVO\Downloads\knote\knote\src\main\java\io\learnk8s\knote\KnoteJavaApplication.java. Using fallback presentation compiler.
2026.10.05 15:37:54 INFO  no build target found for C:\Users\LENOVO\Downloads\knote\knote\src\main\java\io\learnk8s\knote\KnoteJavaApplication.java. Using fallback presentation compiler.
2026.10.05 15:37:54 INFO  no build target found for C:\Users\LENOVO\Downloads\knote\knote\src\main\java\io\learnk8s\knote\KnoteJavaApplication.java. Using fallback presentation compiler.
2026.10.05 15:38:21 INFO  no build target found for C:\Users\LENOVO\Downloads\knote\knote\src\main\java\io\learnk8s\knote\KnoteJavaApplication.java. Using fallback presentation compiler.
2026.10.05 15:40:27 INFO  Shutting down server
2026.10.05 15:40:27 INFO  Memory monitor stopped
2026.10.05 15:40:27 INFO  shutting down Metals
2026.10.05 15:41:34 INFO  Started: Metals version 1.6.9 in folders 'C:\Users\LENOVO\Downloads\knote\knote' for client Visual Studio Code 1.140.0.
2026.10.05 15:41:34 INFO  Memory monitor started
2026.10.05 15:41:40 WARN  Using H2 2.5.250 which is newer than the version Flyway has been verified with. The latest verified version of H2 is 2.3.232.
2026.10.05 15:41:41 INFO  no build target found for C:\Users\LENOVO\Downloads\knote\knote\src\main\java\io\learnk8s\knote\KnoteJavaApplication.java. Using fallback presentation compiler.
2026.10.05 15:41:44 INFO  no build target found for C:\Users\LENOVO\Downloads\knote\knote\src\main\java\io\learnk8s\knote\KnoteJavaApplication.java. Using fallback presentation compiler.
2026.10.05 15:41:52 INFO  no build target found for C:\Users\LENOVO\Downloads\knote\knote\src\main\java\io\learnk8s\knote\KnoteJavaApplication.java. Using fallback presentation compiler.
oct 05, 2026 3:42:36 P. M. org.eclipse.lsp4j.jsonrpc.RemoteEndpoint handleNotification
WARNING: Notification threw an exception: {
  "jsonrpc": "2.0",
  "method": "workspace/didChangeWatchedFiles",
  "params": {
    "changes": [
      {
        "uri": "file:///c%3A/Users/LENOVO/Downloads/knote/knote/build",
        "type": 2
      },
      {
        "uri": "file:///c%3A/Users/LENOVO/Downloads/knote/knote/build",
        "type": 3
      },
      {
        "uri": "file:///c%3A/Users/LENOVO/Downloads/knote/knote/build",
        "type": 3
      }
    ]
  }
}
java.lang.IllegalStateException: An unexpected exception occurred while executing jsonrpc method public abstract java.util.concurrent.CompletableFuture scala.meta.metals.lsp.WorkspaceService.didChangeWatchedFiles(org.eclipse.lsp4j.DidChangeWatchedFilesParams)
	at org.eclipse.lsp4j.jsonrpc.services.GenericEndpoint.lambda$recursiveFindRpcMethods$0(GenericEndpoint.java:73)
	at org.eclipse.lsp4j.jsonrpc.services.GenericEndpoint.notify(GenericEndpoint.java:160)
	at org.eclipse.lsp4j.jsonrpc.RemoteEndpoint.handleNotification(RemoteEndpoint.java:225)
	at org.eclipse.lsp4j.jsonrpc.RemoteEndpoint.consume(RemoteEndpoint.java:192)
	at org.eclipse.lsp4j.jsonrpc.json.StreamMessageProducer.handleMessage(StreamMessageProducer.java:189)
	at org.eclipse.lsp4j.jsonrpc.json.StreamMessageProducer.listen(StreamMessageProducer.java:97)
	at org.eclipse.lsp4j.jsonrpc.json.ConcurrentMessageProcessor.run(ConcurrentMessageProcessor.java:97)
	at java.base/java.util.concurrent.Executors$RunnableAdapter.call(Executors.java:545)
	at java.base/java.util.concurrent.FutureTask.run(FutureTask.java:328)
	at java.base/java.util.concurrent.ThreadPoolExecutor.runWorker(ThreadPoolExecutor.java:1090)
	at java.base/java.util.concurrent.ThreadPoolExecutor$Worker.run(ThreadPoolExecutor.java:614)
	at java.base/java.lang.Thread.run(Thread.java:1474)
Caused by: java.nio.file.AccessDeniedException: C:\Users\LENOVO\Downloads\knote\knote\build
	at java.base/sun.nio.fs.WindowsException.translateToIOException(WindowsException.java:89)
	at java.base/sun.nio.fs.WindowsException.rethrowAsIOException(WindowsException.java:103)
	at java.base/sun.nio.fs.WindowsException.rethrowAsIOException(WindowsException.java:108)
	at java.base/sun.nio.fs.WindowsFileSystemProvider.newByteChannel(WindowsFileSystemProvider.java:231)
	at java.base/java.nio.file.Files.newByteChannel(Files.java:357)
	at java.base/java.nio.file.Files.newByteChannel(Files.java:399)
	at java.base/java.nio.file.Files.readAllBytes(Files.java:2973)
	at scala.meta.internal.io.PlatformFileIO$.slurp(PlatformFileIO.scala:38)
	at scala.meta.internal.io.FileIO$.slurp(FileIO.scala:18)
	at scala.meta.internal.metals.MetalsLspService.$anonfun$onChange$1(MetalsLspService.scala:945)
	at scala.collection.immutable.List.map(List.scala:236)
	at scala.collection.immutable.List.map(List.scala:79)
	at scala.meta.internal.metals.MetalsLspService.onChange(MetalsLspService.scala:944)
	at scala.meta.internal.metals.ProjectMetalsLspService.onChange(ProjectMetalsLspService.scala:368)
	at scala.meta.internal.metals.MetalsLspService.didChangeWatchedFiles(MetalsLspService.scala:930)
	at scala.meta.internal.metals.WorkspaceLspService.$anonfun$didChangeWatchedFiles$3(WorkspaceLspService.scala:707)
	at scala.collection.StrictOptimizedIterableOps.map(StrictOptimizedIterableOps.scala:100)
	at scala.collection.StrictOptimizedIterableOps.map$(StrictOptimizedIterableOps.scala:87)
	at scala.collection.immutable.HashMap.map(HashMap.scala:39)
	at scala.meta.internal.metals.WorkspaceLspService.didChangeWatchedFiles(WorkspaceLspService.scala:706)
	at scala.meta.metals.lsp.DelegatingScalaService.didChangeWatchedFiles(DelegatingScalaService.scala:61)
	at java.base/jdk.internal.reflect.DirectMethodHandleAccessor.invoke(DirectMethodHandleAccessor.java:104)
	at java.base/java.lang.reflect.Method.invoke(Method.java:565)
	at org.eclipse.lsp4j.jsonrpc.services.GenericEndpoint.lambda$recursiveFindRpcMethods$0(GenericEndpoint.java:65)
	... 11 more

2026.10.05 15:42:36 INFO  no build target found for C:\Users\LENOVO\Downloads\knote\knote\src\main\java\io\learnk8s\knote\KnoteJavaApplication.java. Using fallback presentation compiler.
2026.10.05 15:42:39 INFO  no build target found for C:\Users\LENOVO\Downloads\knote\knote\src\main\java\io\learnk8s\knote\KnoteJavaApplication.java. Using fallback presentation compiler.
2026.10.05 15:42:40 INFO  no build target found for C:\Users\LENOVO\Downloads\knote\knote\src\main\java\io\learnk8s\knote\KnoteJavaApplication.java. Using fallback presentation compiler.
2026.10.05 15:42:42 INFO  no build target found for C:\Users\LENOVO\Downloads\knote\knote\src\main\java\io\learnk8s\knote\KnoteJavaApplication.java. Using fallback presentation compiler.
2026.10.05 15:42:43 INFO  no build target found for C:\Users\LENOVO\Downloads\knote\knote\src\main\java\io\learnk8s\knote\KnoteJavaApplication.java. Using fallback presentation compiler.
oct 05, 2026 3:42:44 P. M. org.eclipse.lsp4j.jsonrpc.RemoteEndpoint handleCancellation
WARNING: Unmatched cancel notification for request id 17
2026.10.05 15:42:43 INFO  no build target found for C:\Users\LENOVO\Downloads\knote\knote\src\main\java\io\learnk8s\knote\KnoteJavaApplication.java. Using fallback presentation compiler.
2026.10.05 15:42:48 INFO  no build target found for C:\Users\LENOVO\Downloads\knote\knote\src\main\java\io\learnk8s\knote\KnoteJavaApplication.java. Using fallback presentation compiler.
2026.10.05 15:43:13 INFO  no build target found for C:\Users\LENOVO\Downloads\knote\knote\src\main\java\io\learnk8s\knote\KnoteJavaApplication.java. Using fallback presentation compiler.
2026.10.05 15:43:45 WARN  no build target for: C:\Users\LENOVO\Downloads\knote\knote\src\main\java\io\learnk8s\knote\KnoteJavaApplication.java
2026.10.05 15:43:45 INFO  no build target found for C:\Users\LENOVO\Downloads\knote\knote\src\main\java\io\learnk8s\knote\KnoteJavaApplication.java. Using fallback presentation compiler.
2026.10.05 15:43:52 INFO  time: code lens generation in 8.1s
2026.10.05 15:43:52 INFO  time: code lens generation in 8.09s
2026.10.05 15:46:45 INFO  no build target found for C:\Users\LENOVO\Downloads\knote\knote\src\main\java\io\learnk8s\knote\KnoteJavaApplication.java. Using fallback presentation compiler.
oct 05, 2026 3:46:45 P. M. org.eclipse.lsp4j.jsonrpc.RemoteEndpoint handleCancellation
WARNING: Unmatched cancel notification for request id 29
2026.10.05 15:46:46 INFO  no build target found for C:\Users\LENOVO\Downloads\knote\knote\src\main\java\io\learnk8s\knote\KnoteJavaApplication.java. Using fallback presentation compiler.
2026.10.05 15:47:31 INFO  no build target found for C:\Users\LENOVO\Downloads\knote\knote\src\main\java\io\learnk8s\knote\KnoteJavaApplication.java. Using fallback presentation compiler.
2026.10.05 15:47:32 INFO  no build target found for C:\Users\LENOVO\Downloads\knote\knote\src\main\java\io\learnk8s\knote\KnoteJavaApplication.java. Using fallback presentation compiler.
2026.10.05 15:47:36 INFO  no build target found for C:\Users\LENOVO\Downloads\knote\knote\src\main\java\io\learnk8s\knote\KnoteJavaApplication.java. Using fallback presentation compiler.
2026.10.05 15:47:36 INFO  no build target found for C:\Users\LENOVO\Downloads\knote\knote\src\main\java\io\learnk8s\knote\KnoteJavaApplication.java. Using fallback presentation compiler.
2026.10.05 15:47:36 INFO  no build target found for C:\Users\LENOVO\Downloads\knote\knote\src\main\java\io\learnk8s\knote\KnoteJavaApplication.java. Using fallback presentation compiler.
2026.10.05 15:47:39 INFO  no build target found for C:\Users\LENOVO\Downloads\knote\knote\src\main\java\io\learnk8s\knote\KnoteJavaApplication.java. Using fallback presentation compiler.
2026.10.05 15:47:50 INFO  time: code lens generation in 3.27s
